Archive member included to satisfy reference by file (symbol)

d:/stm32cubeide_1.3.0/stm32cubeide/plugins/com.st.stm32cube.ide.mcu.externaltools.gnu-tools-for-stm32.7-2018-q2-update.win32_1.4.0.202007081208/tools/bin/../lib/gcc/arm-none-eabi/7.3.1/../../../../arm-none-eabi/lib/thumb/v7-m\libc_nano.a(lib_a-errno.o)
                              Core/Src/syscalls.o (__errno)
d:/stm32cubeide_1.3.0/stm32cubeide/plugins/com.st.stm32cube.ide.mcu.externaltools.gnu-tools-for-stm32.7-2018-q2-update.win32_1.4.0.202007081208/tools/bin/../lib/gcc/arm-none-eabi/7.3.1/../../../../arm-none-eabi/lib/thumb/v7-m\libc_nano.a(lib_a-exit.o)
                              d:/stm32cubeide_1.3.0/stm32cubeide/plugins/com.st.stm32cube.ide.mcu.externaltools.gnu-tools-for-stm32.7-2018-q2-update.win32_1.4.0.202007081208/tools/bin/../lib/gcc/arm-none-eabi/7.3.1/../../../../arm-none-eabi/lib/thumb/v7-m/crt0.o (exit)
d:/stm32cubeide_1.3.0/stm32cubeide/plugins/com.st.stm32cube.ide.mcu.externaltools.gnu-tools-for-stm32.7-2018-q2-update.win32_1.4.0.202007081208/tools/bin/../lib/gcc/arm-none-eabi/7.3.1/../../../../arm-none-eabi/lib/thumb/v7-m\libc_nano.a(lib_a-impure.o)
                              d:/stm32cubeide_1.3.0/stm32cubeide/plugins/com.st.stm32cube.ide.mcu.externaltools.gnu-tools-for-stm32.7-2018-q2-update.win32_1.4.0.202007081208/tools/bin/../lib/gcc/arm-none-eabi/7.3.1/../../../../arm-none-eabi/lib/thumb/v7-m\libc_nano.a(lib_a-exit.o) (_global_impure_ptr)
d:/stm32cubeide_1.3.0/stm32cubeide/plugins/com.st.stm32cube.ide.mcu.externaltools.gnu-tools-for-stm32.7-2018-q2-update.win32_1.4.0.202007081208/tools/bin/../lib/gcc/arm-none-eabi/7.3.1/../../../../arm-none-eabi/lib/thumb/v7-m\libc_nano.a(lib_a-init.o)
                              d:/stm32cubeide_1.3.0/stm32cubeide/plugins/com.st.stm32cube.ide.mcu.externaltools.gnu-tools-for-stm32.7-2018-q2-update.win32_1.4.0.202007081208/tools/bin/../lib/gcc/arm-none-eabi/7.3.1/../../../../arm-none-eabi/lib/thumb/v7-m/crt0.o (__libc_init_array)
d:/stm32cubeide_1.3.0/stm32cubeide/plugins/com.st.stm32cube.ide.mcu.externaltools.gnu-tools-for-stm32.7-2018-q2-update.win32_1.4.0.202007081208/tools/bin/../lib/gcc/arm-none-eabi/7.3.1/../../../../arm-none-eabi/lib/thumb/v7-m\libc_nano.a(lib_a-memset.o)
                              d:/stm32cubeide_1.3.0/stm32cubeide/plugins/com.st.stm32cube.ide.mcu.externaltools.gnu-tools-for-stm32.7-2018-q2-update.win32_1.4.0.202007081208/tools/bin/../lib/gcc/arm-none-eabi/7.3.1/../../../../arm-none-eabi/lib/thumb/v7-m/crt0.o (memset)
d:/stm32cubeide_1.3.0/stm32cubeide/plugins/com.st.stm32cube.ide.mcu.externaltools.gnu-tools-for-stm32.7-2018-q2-update.win32_1.4.0.202007081208/tools/bin/../lib/gcc/arm-none-eabi/7.3.1/../../../../arm-none-eabi/lib/thumb/v7-m\libm.a(lib_a-wf_log.o)
                              Core/Src/BatteryPackInf.o (logf)
d:/stm32cubeide_1.3.0/stm32cubeide/plugins/com.st.stm32cube.ide.mcu.externaltools.gnu-tools-for-stm32.7-2018-q2-update.win32_1.4.0.202007081208/tools/bin/../lib/gcc/arm-none-eabi/7.3.1/../../../../arm-none-eabi/lib/thumb/v7-m\libm.a(lib_a-ef_log.o)
                              d:/stm32cubeide_1.3.0/stm32cubeide/plugins/com.st.stm32cube.ide.mcu.externaltools.gnu-tools-for-stm32.7-2018-q2-update.win32_1.4.0.202007081208/tools/bin/../lib/gcc/arm-none-eabi/7.3.1/../../../../arm-none-eabi/lib/thumb/v7-m\libm.a(lib_a-wf_log.o) (__ieee754_logf)
d:/stm32cubeide_1.3.0/stm32cubeide/plugins/com.st.stm32cube.ide.mcu.externaltools.gnu-tools-for-stm32.7-2018-q2-update.win32_1.4.0.202007081208/tools/bin/../lib/gcc/arm-none-eabi/7.3.1/../../../../arm-none-eabi/lib/thumb/v7-m\libm.a(lib_a-s_lib_ver.o)
                              d:/stm32cubeide_1.3.0/stm32cubeide/plugins/com.st.stm32cube.ide.mcu.externaltools.gnu-tools-for-stm32.7-2018-q2-update.win32_1.4.0.202007081208/tools/bin/../lib/gcc/arm-none-eabi/7.3.1/../../../../arm-none-eabi/lib/thumb/v7-m\libm.a(lib_a-wf_log.o) (__fdlib_version)
d:/stm32cubeide_1.3.0/stm32cubeide/plugins/com.st.stm32cube.ide.mcu.externaltools.gnu-tools-for-stm32.7-2018-q2-update.win32_1.4.0.202007081208/tools/bin/../lib/gcc/arm-none-eabi/7.3.1/../../../../arm-none-eabi/lib/thumb/v7-m\libm.a(lib_a-s_matherr.o)
                              d:/stm32cubeide_1.3.0/stm32cubeide/plugins/com.st.stm32cube.ide.mcu.externaltools.gnu-tools-for-stm32.7-2018-q2-update.win32_1.4.0.202007081208/tools/bin/../lib/gcc/arm-none-eabi/7.3.1/../../../../arm-none-eabi/lib/thumb/v7-m\libm.a(lib_a-wf_log.o) (matherr)
d:/stm32cubeide_1.3.0/stm32cubeide/plugins/com.st.stm32cube.ide.mcu.externaltools.gnu-tools-for-stm32.7-2018-q2-update.win32_1.4.0.202007081208/tools/bin/../lib/gcc/arm-none-eabi/7.3.1/../../../../arm-none-eabi/lib/thumb/v7-m\libm.a(lib_a-s_nan.o)
[...]
Memory Configuration

Name             Origin             Length             Attributes
RAM              0x0000000020000000 0x0000000000005000 xrw
FLASH            0x0000000008000000 0x0000000000020000 xr
*default*        0x0000000000000000 0xffffffffffffffff

Linker script and memory map

LOAD d:/stm32cubeide_1.3.0/stm32cubeide/plugins/com.st.stm32cube.ide.mcu.externaltools.gnu-tools-for-stm32.7-2018-q2-update.win32_1.4.0.202007081208/tools/bin/../lib/gcc/arm-none-eabi/7.3.1/thumb/v7-m/crti.o
LOAD d:/stm32cubeide_1.3.0/stm32cubeide/plugins/com.st.stm32cube.ide.mcu.externaltools.gnu-tools-for-stm32.7-2018-q2-update.win32_1.4.0.202007081208/tools/bin/../lib/gcc/arm-none-eabi/7.3.1/thumb/v7-m/crtbegin.o
LOAD d:/stm32cubeide_1.3.0/stm32cubeide/plugins/com.st.stm32cube.ide.mcu.externaltools.gnu-tools-for-stm32.7-2018-q2-update.win32_1.4.0.202007081208/tools/bin/../lib/gcc/arm-none-eabi/7.3.1/../../../../arm-none-eabi/lib/thumb/v7-m/crt0.o
LOAD Core/Src/BatteryPackInf.o
LOAD Core/Src/FrameWork.o
LOAD Core/Src/Gpio.o
LOAD Core/Src/MuxControl.o
LOAD Core/Src/Watchdog.o
LOAD Core/Src/adc.o
LOAD Core/Src/can.o
LOAD Core/Src/main.o
LOAD Core/Src/stm32f1xx_hal_msp.o
LOAD Core/Src/stm32f1xx_it.o
LOAD Core/Src/syscalls.o
LOAD Core/Src/sysmem.o
LOAD Core/Src/system_stm32f1xx.o
LOAD Core/Startup/startup_stm32f103rbtx.o
LOAD Drivers/STM32F1xx_HAL_Driver/Src/stm32f1xx_hal.o
LOAD Drivers/STM32F1xx_HAL_Driver/Src/stm32f1xx_hal_adc.o
LOAD Drivers/STM32F1xx_HAL_Driver/Src/stm32f1xx_hal_adc_ex.o
LOAD Drivers/STM32F1xx_HAL_Driver/Src/stm32f1xx_hal_can.o
LOAD Drivers/STM32F1xx_HAL_Driver/Src/stm32f1xx_hal_cortex.o
LOAD Drivers/STM32F1xx_HAL_Driver/Src/stm32f1xx_hal_dma.o
LOAD Drivers/STM32F1xx_HAL_Driver/Src/stm32f1xx_hal_exti.o
LOAD Drivers/STM32F1xx_HAL_Driver/Src/stm32f1xx_hal_flash.o
LOAD Drivers/STM32F1xx_HAL_Driver/Src/stm32f1xx_hal_flash_ex.o
LOAD Drivers/STM32F1xx_HAL_Driver/Src/stm32f1xx_hal_gpio.o
LOAD Drivers/STM32F1xx_HAL_Driver/Src/stm32f1xx_hal_gpio_ex.o
LOAD Drivers/STM32F1xx_HAL_Driver/Src/stm32f1xx_hal_iwdg.o
LOAD Drivers/STM32F1xx_HAL_Driver/Src/stm32f1xx_hal_pwr.o
LOAD Drivers/STM32F1xx_HAL_Driver/Src/stm32f1xx_hal_rcc.o
LOAD Drivers/STM32F1xx_HAL_Driver/Src/stm32f1xx_hal_rcc_ex.o
LOAD Drivers/STM32F1xx_HAL_Driver/Src/stm32f1xx_hal_tim.o
LOAD Drivers/STM32F1xx_HAL_Driver/Src/stm32f1xx_hal_tim_ex.o
LOAD Drivers/STM32F1xx_HAL_Driver/Src/stm32f1xx_hal_uart.o
START GROUP
LOAD d:/stm32cubeide_1.3.0/stm32cubeide/plugins/com.st.stm32cube.ide.mcu.externaltools.gnu-tools-for-stm32.7-2018-q2-update.win32_1.4.0.202007081208/tools/bin/../lib/gcc/arm-none-eabi/7.3.1/../../../../arm-none-eabi/lib/thumb/v7-m\libc_nano.a
LOAD d:/stm32cubeide_1.3.0/stm32cubeide/plugins/com.st.stm32cube.ide.mcu.externaltools.gnu-tools-for-stm32.7-2018-q2-update.win32_1.4.0.202007081208/tools/bin/../lib/gcc/arm-none-eabi/7.3.1/../../../../arm-none-eabi/lib/thumb/v7-m\libm.a
END GROUP
START GROUP
LOAD d:/stm32cubeide_1.3.0/stm32cubeide/plugins/com.st.stm32cube.ide.mcu.externaltools.gnu-tools-for-stm32.7-2018-q2-update.win32_1.4.0.202007081208/tools/bin/../lib/gcc/arm-none-eabi/7.3.1/thumb/v7-m\libgcc.a
LOAD d:/stm32cubeide_1.3.0/stm32cubeide/plugins/com.st.stm32cube.ide.mcu.externaltools.gnu-tools-for-stm32.7-2018-q2-update.win32_1.4.0.202007081208/tools/bin/../lib/gcc/arm-none-eabi/7.3.1/../../../../arm-none-eabi/lib/thumb/v7-m\libc_nano.a
END GROUP
START GROUP
LOAD d:/stm32cubeide_1.3.0/stm32cubeide/plugins/com.st.stm32cube.ide.mcu.externaltools.gnu-tools-for-stm32.7-2018-q2-update.win32_1.4.0.202007081208/tools/bin/../lib/gcc/arm-none-eabi/7.3.1/thumb/v7-m\libgcc.a
LOAD d:/stm32cubeide_1.3.0/stm32cubeide/plugins/com.st.stm32cube.ide.mcu.externaltools.gnu-tools-for-stm32.7-2018-q2-update.win32_1.4.0.202007081208/tools/bin/../lib/gcc/arm-none-eabi/7.3.1/../../../../arm-none-eabi/lib/thumb/v7-m\libc_nano.a
LOAD d:/stm32cubeide_1.3.0/stm32cubeide/plugins/com.st.stm32cube.ide.mcu.externaltools.gnu-tools-for-stm32.7-2018-q2-update.win32_1.4.0.202007081208/tools/bin/../lib/gcc/arm-none-eabi/7.3.1/../../../../arm-none-eabi/lib/thumb/v7-m\libnosys.a
END GROUP
START GROUP
LOAD d:/stm32cubeide_1.3.0/stm32cubeide/plugins/com.st.stm32cube.ide.mcu.externaltools.gnu-tools-for-stm32.7-2018-q2-update.win32_1.4.0.202007081208/tools/bin/../lib/gcc/arm-none-eabi/7.3.1/thumb/v7-m\libgcc.a
LOAD d:/stm32cubeide_1.3.0/stm32cubeide/plugins/com.st.stm32cube.ide.mcu.externaltools.gnu-tools-for-stm32.7-2018-q2-update.win32_1.4.0.202007081208/tools/bin/../lib/gcc/arm-none-eabi/7.3.1/../../../../arm-none-eabi/lib/thumb/v7-m\libc_nano.a
LOAD d:/stm32cubeide_1.3.0/stm32cubeide/plugins/com.st.stm32cube.ide.mcu.externaltools.gnu-tools-for-stm32.7-2018-q2-update.win32_1.4.0.202007081208/tools/bin/../lib/gcc/arm-none-eabi/7.3.1/../../../../arm-none-eabi/lib/thumb/v7-m\libnosys.a
END GROUP
LOAD d:/stm32cubeide_1.3.0/stm32cubeide/plugins/com.st.stm32cube.ide.mcu.externaltools.gnu-tools-for-stm32.7-2018-q2-update.win32_1.4.0.202007081208/tools/bin/../lib/gcc/arm-none-eabi/7.3.1/thumb/v7-m/crtend.o
LOAD d:/stm32cubeide_1.3.0/stm32cubeide/plugins/com.st.stm32cube.ide.mcu.externaltools.gnu-tools-for-stm32.7-2018-q2-update.win32_1.4.0.202007081208/tools/bin/../lib/gcc/arm-none-eabi/7.3.1/thumb/v7-m/crtn.o
                0x0000000020005000                _estack = (ORIGIN (RAM) + LENGTH (RAM))
                0x0000000000000200                _Min_Heap_Size = 0x200
                0x0000000000000400                _Min_Stack_Size = 0x400

.isr_vector     0x0000000008000000      0x10c
                0x0000000008000000                . = ALIGN (0x4)
 *(.isr_vector)
 .isr_vector    0x0000000008000000      0x10c Core/Startup/startup_stm32f103rbtx.o
                0x0000000008000000                g_pfnVectors
                0x000000000800010c                . = ALIGN (0x4)

.text           0x0000000008000110     0x442c
                0x0000000008000110                . = ALIGN (0x4)
 *(.text)
 .text          0x0000000008000110       0x40 d:/stm32cubeide_1.3.0/stm32cubeide/plugins/com.st.stm32cube.ide.mcu.externaltools.gnu-tools-for-stm32.7-2018-q2-update.win32_1.4.0.202007081208/tools/bin/../lib/gcc/arm-none-eabi/7.3.1/thumb/v7-m/crtbegin.o
 .text          0x0000000008000150      0x378 d:/stm32cubeide_1.3.0/stm32cubeide/plugins/com.st.stm32cube.ide.mcu.externaltools.gnu-tools-for-stm32.7-2018-q2-update.win32_1.4.0.202007081208/tools/bin/../lib/gcc/arm-none-eabi/7.3.1/thumb/v7-m\libgcc.a(_arm_addsubdf3.o)
                0x0000000008000150                __aeabi_drsub
                0x0000000008000158                __aeabi_dsub
                0x0000000008000158                __subdf3
                0x000000000800015c                __aeabi_dadd
                0x000000000800015c                __adddf3
                0x00000000080003d4                __floatunsidf
                0x00000000080003d4                __aeabi_ui2d
                0x00000000080003f4                __floatsidf
                0x00000000080003f4                __aeabi_i2d
                0x0000000008000418                __aeabi_f2d
                0x0000000008000418                __extendsfdf2
                0x000000000800045c                __floatundidf
                0x000000000800045c                __aeabi_ul2d
                0x000000000800046c                __floatdidf
                0x000000000800046c                __aeabi_l2d
 .text          0x00000000080004c8      0x424 d:/stm32cubeide_1.3.0/stm32cubeide/plugins/com.st.stm32cube.ide.mcu.externaltools.gnu-tools-for-stm32.7-2018-q2-update.win32_1.4.0.202007081208/tools/bin/../lib/gcc/arm-none-eabi/7.3.1/thumb/v7-m\libgcc.a(_arm_muldivdf3.o)
                0x00000000080004c8                __aeabi_dmul
                0x00000000080004c8                __muldf3
                0x000000000800071c                __divdf3
                0x000000000800071c                __aeabi_ddiv
 .text          0x00000000080008ec       0x40 d:/stm32cubeide_1.3.0/stm32cubeide/plugins/com.st.stm32cube.ide.mcu.externaltools.gnu-tools-for-stm32.7-2018-q2-update.win32_1.4.0.202007081208/tools/bin/../lib/gcc/arm-none-eabi/7.3.1/thumb/v7-m\libgcc.a(_arm_fixunsdfsi.o)
                0x00000000080008ec                __aeabi_d2uiz
                0x00000000080008ec                __fixunsdfsi
 .text          0x000000000800092c       0xa0 d:/stm32cubeide_1.3.0/stm32cubeide/plugins/com.st.stm32cube.ide.mcu.externaltools.gnu-tools-for-stm32.7-2018-q2-update.win32_1.4.0.202007081208/tools/bin/../lib/gcc/arm-none-eabi/7.3.1/thumb/v7-m\libgcc.a(_arm_truncdfsf2.o)
                0x000000000800092c                __truncdfsf2
                0x000000000800092c                __aeabi_d2f
 .text          0x00000000080009cc      0x21c d:/stm32cubeide_1.3.0/stm32cubeide/plugins/com.st.stm32cube.ide.mcu.externaltools.gnu-tools-for-stm32.7-2018-q2-update.win32_1.4.0.202007081208/tools/bin/../lib/gcc/arm-none-eabi/7.3.1/thumb/v7-m\libgcc.a(_arm_addsubsf3.o)
                0x00000000080009cc                __aeabi_frsub
                0x00000000080009d4                __subsf3
                0x00000000080009d4                __aeabi_fsub
                0x00000000080009d8                __aeabi_fadd
                0x00000000080009d8                __addsf3
                0x0000000008000b38                __aeabi_ui2f
                0x0000000008000b38                __floatunsisf
                0x0000000008000b40                __aeabi_i2f
                0x0000000008000b40                __floatsisf
                0x0000000008000b5c                __aeabi_ul2f
                0x0000000008000b5c                __floatundisf
                0x0000000008000b6c                __aeabi_l2f
                0x0000000008000b6c                __floatdisf
 .text          0x0000000008000be8      0x2a0 d:/stm32cubeide_1.3.0/stm32cubeide/plugins/com.st.stm32cube.ide.mcu.externaltools.gnu-tools-for-stm32.7-2018-q2-update.win32_1.4.0.202007081208/tools/bin/../lib/gcc/arm-none-eabi/7.3.1/thumb/v7-m\libgcc.a(_arm_muldivsf3.o)
                0x0000000008000be8                __mulsf3
                0x0000000008000be8                __aeabi_fmul
                0x0000000008000d50                __aeabi_fdiv
                0x0000000008000d50                __divsf3
 .text          0x0000000008000e88       0xec d:/stm32cubeide_1.3.0/stm32cubeide/plugins/com.st.stm32cube.ide.mcu.externaltools.gnu-tools-for-stm32.7-2018-q2-update.win32_1.4.0.202007081208/tools/bin/../lib/gcc/arm-none-eabi/7.3.1/thumb/v7-m\libgcc.a(_arm_cmpsf2.o)
                0x0000000008000e88                __gesf2
                0x0000000008000e88                __gtsf2
                0x0000000008000e90                __lesf2
                0x0000000008000e90                __ltsf2
                0x0000000008000e98                __nesf2
                0x0000000008000e98                __eqsf2
                0x0000000008000e98                __cmpsf2
                0x0000000008000ef8                __aeabi_cfrcmple
                0x0000000008000f00                __aeabi_cfcmpeq
                0x0000000008000f00                __aeabi_cfcmple
                0x0000000008000f10                __aeabi_fcmpeq
                0x0000000008000f24                __aeabi_fcmplt
                0x0000000008000f38                __aeabi_fcmple
                0x0000000008000f4c                __aeabi_fcmpge
                0x0000000008000f60                __aeabi_fcmpgt
 .text          0x0000000008000f74       0x2c d:/stm32cubeide_1.3.0/stm32cubeide/plugins/com.st.stm32cube.ide.mcu.externaltools.gnu-tools-for-stm32.7-2018-q2-update.win32_1.4.0.202007081208/tools/bin/../lib/gcc/arm-none-eabi/7.3.1/thumb/v7-m\libgcc.a(_arm_unordsf2.o)
                0x0000000008000f74                __unordsf2
                0x0000000008000f74                __aeabi_fcmpun
 .text          0x0000000008000fa0       0x40 d:/stm32cubeide_1.3.0/stm32cubeide/plugins/com.st.stm32cube.ide.mcu.externaltools.gnu-tools-for-stm32.7-2018-q2-update.win32_1.4.0.202007081208/tools/bin/../lib/gcc/arm-none-eabi/7.3.1/thumb/v7-m\libgcc.a(_arm_fixunssfsi.o)
                0x0000000008000fa0                __fixunssfsi
                0x0000000008000fa0                __aeabi_f2uiz
 *(.text*)
 .text.BP_Initialisation
                0x0000000008000fe0       0x78 Core/Src/BatteryPackInf.o
                0x0000000008000fe0                BP_Initialisation
 .text.BP_Reset
                0x0000000008001058       0x50 Core/Src/BatteryPackInf.o
                0x0000000008001058                BP_Reset
 .text.BP_ReadMatrix
                0x00000000080010a8      0x2e0 Core/Src/BatteryPackInf.o
                0x00000000080010a8                BP_ReadMatrix
 .text.BP_ReadPTC
                0x0000000008001388      0x124 Core/Src/BatteryPackInf.o
                0x0000000008001388                BP_ReadPTC
 .text.BP_ReadAll
                0x00000000080014ac       0x10 Core/Src/BatteryPackInf.o
                0x00000000080014ac                BP_ReadAll
 .text.BP_canFormat
                0x00000000080014bc       0x70 Core/Src/BatteryPackInf.o
                0x00000000080014bc                BP_canFormat
 *fill*         0x000000000800152c        0x4 
 .text.TempConvNTC
                0x0000000008001530      0x128 Core/Src/BatteryPackInf.o
                0x0000000008001530                TempConvNTC
 .text.TempConvPTC
                0x0000000008001658       0xf0 Core/Src/BatteryPackInf.o
                0x0000000008001658                TempConvPTC
 .text.FrameWorkInit
                0x0000000008001748       0x20 Core/Src/FrameWork.o
                0x0000000008001748                FrameWorkInit
 .text.FrameWorkTask
                0x0000000008001768        0xc Core/Src/FrameWork.o
                0x0000000008001768                FrameWorkTask
 .text.MX_GPIO_Init
                0x0000000008001774      0x120 Core/Src/Gpio.o
                0x0000000008001774                MX_GPIO_Init
 .text.MUXCONTROL1
                0x0000000008001894       0xb0 Core/Src/MuxControl.o
                0x0000000008001894                MUXCONTROL1
 .text.MUXCONTROL2
                0x0000000008001944       0xc0 Core/Src/MuxControl.o
                0x0000000008001944                MUXCONTROL2
 .text.StrobeHigh
                0x0000000008001a04       0x18 Core/Src/MuxControl.o
                0x0000000008001a04                StrobeHigh
 .text.StrobeLow
                0x0000000008001a1c       0x18 Core/Src/MuxControl.o
                0x0000000008001a1c                StrobeLow
 .text.DECCONTROL
                0x0000000008001a34       0xbc Core/Src/MuxControl.o
                0x0000000008001a34                DECCONTROL
 .text.TransSoft2HardMux1
                0x0000000008001af0       0x8e Core/Src/MuxControl.o
                0x0000000008001af0                TransSoft2HardMux1
 .text.TransSoft2HardMux2
                0x0000000008001b7e       0x8e Core/Src/MuxControl.o
                0x0000000008001b7e                TransSoft2HardMux2
 .text.TransSoft2HardDec
                0x0000000008001c0c       0x84 Core/Src/MuxControl.o
                0x0000000008001c0c                TransSoft2HardDec
 .text.MX_Mux_init
                0x0000000008001c90       0x2a Core/Src/MuxControl.o
                0x0000000008001c90                MX_Mux_init
 *fill*         0x0000000008001cba        0x2 
 .text.Set_Vref_High
                0x0000000008001cbc       0x18 Core/Src/MuxControl.o
                0x0000000008001cbc                Set_Vref_High
 .text.MX_ADC_Init
                0x0000000008001cd4       0x68 Core/Src/adc.o
                0x0000000008001cd4                MX_ADC_Init
 .text.ChangeChannel
                0x0000000008001d3c       0x50 Core/Src/adc.o
                0x0000000008001d3c                ChangeChannel
 .text.MX_CAN_Init
                0x0000000008001d8c       0xa4 Core/Src/can.o
                0x0000000008001d8c                MX_CAN_Init
 .text.canTransmit
                0x0000000008001e30       0x90 Core/Src/can.o
                0x0000000008001e30                canTransmit
 .text.main     0x0000000008001ec0       0x46 Core/Src/main.o
                0x0000000008001ec0                main
 *fill*         0x0000000008001f06        0x2 
 .text.SystemClock_Config
                0x0000000008001f08       0xcc Core/Src/main.o
                0x0000000008001f08                SystemClock_Config
 .text.Error_Handler
                0x0000000008001fd4        0xc Core/Src/main.o
                0x0000000008001fd4                Error_Handler
 .text.HAL_MspInit
                0x0000000008001fe0       0x64 Core/Src/stm32f1xx_hal_msp.o
                0x0000000008001fe0                HAL_MspInit
 .text.HAL_ADC_MspInit
                0x0000000008002044       0xa8 Core/Src/stm32f1xx_hal_msp.o
                0x0000000008002044                HAL_ADC_MspInit
 .text.HAL_CAN_MspInit
                0x00000000080020ec       0xc0 Core/Src/stm32f1xx_hal_msp.o
                0x00000000080020ec                HAL_CAN_MspInit
 .text.NMI_Handler
                0x00000000080021ac        0xc Core/Src/stm32f1xx_it.o
                0x00000000080021ac                NMI_Handler
 .text.HardFault_Handler
                0x00000000080021b8        0x6 Core/Src/stm32f1xx_it.o
                0x00000000080021b8                HardFault_Handler
 .text.MemManage_Handler
                0x00000000080021be        0x6 Core/Src/stm32f1xx_it.o
                0x00000000080021be                MemManage_Handler
 .text.BusFault_Handler
                0x00000000080021c4        0x6 Core/Src/stm32f1xx_it.o
                0x00000000080021c4                BusFault_Handler
 .text.UsageFault_Handler
                0x00000000080021ca        0x6 Core/Src/stm32f1xx_it.o
                0x00000000080021ca                UsageFault_Handler
 .text.SVC_Handler
                0x00000000080021d0        0xc Core/Src/stm32f1xx_it.o
                0x00000000080021d0                SVC_Handler
 .text.DebugMon_Handler
                0x00000000080021dc        0xc Core/Src/stm32f1xx_it.o
                0x00000000080021dc                DebugMon_Handler
 .text.PendSV_Handler
                0x00000000080021e8        0xc Core/Src/stm32f1xx_it.o
                0x00000000080021e8                PendSV_Handler
 .text.SysTick_Handler
                0x00000000080021f4        0xc Core/Src/stm32f1xx_it.o
                0x00000000080021f4                SysTick_Handler
 .text.SystemInit
                0x0000000008002200        0xc Core/Src/system_stm32f1xx.o
                0x0000000008002200                SystemInit
 .text.Reset_Handler
                0x000000000800220c       0x48 Core/Startup/startup_stm32f103rbtx.o
                0x000000000800220c                Reset_Handler
 .text.Default_Handler
                0x0000000008002254        0x2 Core/Startup/startup_stm32f103rbtx.o
                0x0000000008002254                RTC_Alarm_IRQHandler
                0x0000000008002254                EXTI2_IRQHandler
                0x0000000008002254                TIM1_CC_IRQHandler
                0x0000000008002254                PVD_IRQHandler
                0x0000000008002254                EXTI3_IRQHandler
                0x0000000008002254                EXTI0_IRQHandler
                0x0000000008002254                I2C2_EV_IRQHandler
                0x0000000008002254                ADC1_2_IRQHandler
                0x0000000008002254                SPI1_IRQHandler
                0x0000000008002254                TAMPER_IRQHandler
                0x0000000008002254                DMA1_Channel4_IRQHandler
                0x0000000008002254                USART3_IRQHandler
                0x0000000008002254                RTC_IRQHandler
                0x0000000008002254                DMA1_Channel7_IRQHandler
                0x0000000008002254                CAN1_RX1_IRQHandler
                0x0000000008002254                TIM4_IRQHandler
                0x0000000008002254                I2C1_EV_IRQHandler
                0x0000000008002254                DMA1_Channel6_IRQHandler
                0x0000000008002254                TIM3_IRQHandler
                0x0000000008002254                RCC_IRQHandler
                0x0000000008002254                TIM1_TRG_COM_IRQHandler
                0x0000000008002254                DMA1_Channel1_IRQHandler
                0x0000000008002254                Default_Handler
                0x0000000008002254                EXTI15_10_IRQHandler
                0x0000000008002254                EXTI9_5_IRQHandler
                0x0000000008002254                SPI2_IRQHandler
                0x0000000008002254                DMA1_Channel5_IRQHandler
                0x0000000008002254                EXTI4_IRQHandler
                0x0000000008002254                USB_LP_CAN1_RX0_IRQHandler
                0x0000000008002254                USB_HP_CAN1_TX_IRQHandler
                0x0000000008002254                DMA1_Channel3_IRQHandler
                0x0000000008002254                TIM1_UP_IRQHandler
                0x0000000008002254                WWDG_IRQHandler
                0x0000000008002254                TIM2_IRQHandler
                0x0000000008002254                TIM1_BRK_IRQHandler
                0x0000000008002254                EXTI1_IRQHandler
                0x0000000008002254                USART2_IRQHandler
                0x0000000008002254                I2C2_ER_IRQHandler
                0x0000000008002254                DMA1_Channel2_IRQHandler
                0x0000000008002254                CAN1_SCE_IRQHandler
                0x0000000008002254                FLASH_IRQHandler
                0x0000000008002254                USART1_IRQHandler
                0x0000000008002254                I2C1_ER_IRQHandler
                0x0000000008002254                USBWakeUp_IRQHandler
 *fill*         0x0000000008002256        0x2 
 .text.HAL_Init
                0x0000000008002258       0x2c Drivers/STM32F1xx_HAL_Driver/Src/stm32f1xx_hal.o
                0x0000000008002258                HAL_Init
 .text.HAL_InitTick
                0x0000000008002284       0x60 Drivers/STM32F1xx_HAL_Driver/Src/stm32f1xx_hal.o
                0x0000000008002284                HAL_InitTick
 .text.HAL_IncTick
                0x00000000080022e4       0x24 Drivers/STM32F1xx_HAL_Driver/Src/stm32f1xx_hal.o
                0x00000000080022e4                HAL_IncTick
 .text.HAL_GetTick
                0x0000000008002308       0x14 Drivers/STM32F1xx_HAL_Driver/Src/stm32f1xx_hal.o
                0x0000000008002308                HAL_GetTick
 .text.HAL_Delay
                0x000000000800231c       0x44 Drivers/STM32F1xx_HAL_Driver/Src/stm32f1xx_hal.o
                0x000000000800231c                HAL_Delay
 .text.HAL_ADC_Init
                0x0000000008002360      0x1b0 Drivers/STM32F1xx_HAL_Driver/Src/stm32f1xx_hal_adc.o
                0x0000000008002360                HAL_ADC_Init
 .text.HAL_ADC_Start
                0x0000000008002510      0x15c Drivers/STM32F1xx_HAL_Driver/Src/stm32f1xx_hal_adc.o
                0x0000000008002510                HAL_ADC_Start
 .text.HAL_ADC_PollForConversion
                0x000000000800266c      0x1f4 Drivers/STM32F1xx_HAL_Driver/Src/stm32f1xx_hal_adc.o
                0x000000000800266c                HAL_ADC_PollForConversion
 .text.HAL_ADC_GetValue
                0x0000000008002860       0x18 Drivers/STM32F1xx_HAL_Driver/Src/stm32f1xx_hal_adc.o
                0x0000000008002860                HAL_ADC_GetValue
 .text.HAL_ADC_ConfigChannel
                0x0000000008002878      0x1f0 Drivers/STM32F1xx_HAL_Driver/Src/stm32f1xx_hal_adc.o
                0x0000000008002878                HAL_ADC_ConfigChannel
 .text.ADC_Enable
                0x0000000008002a68       0xa4 Drivers/STM32F1xx_HAL_Driver/Src/stm32f1xx_hal_adc.o
                0x0000000008002a68                ADC_Enable
 .text.ADC_ConversionStop_Disable
                0x0000000008002b0c       0x74 Drivers/STM32F1xx_HAL_Driver/Src/stm32f1xx_hal_adc.o
                0x0000000008002b0c                ADC_ConversionStop_Disable
 .text.HAL_CAN_Init
                0x0000000008002b80      0x1f6 Drivers/STM32F1xx_HAL_Driver/Src/stm32f1xx_hal_can.o
                0x0000000008002b80                HAL_CAN_Init
 .text.HAL_CAN_ConfigFilter
                0x0000000008002d76      0x192 Drivers/STM32F1xx_HAL_Driver/Src/stm32f1xx_hal_can.o
                0x0000000008002d76                HAL_CAN_ConfigFilter
 .text.HAL_CAN_Start
                0x0000000008002f08       0x88 Drivers/STM32F1xx_HAL_Driver/Src/stm32f1xx_hal_can.o
                0x0000000008002f08                HAL_CAN_Start
 .text.HAL_CAN_AddTxMessage
                0x0000000008002f90      0x1b4 Drivers/STM32F1xx_HAL_Driver/Src/stm32f1xx_hal_can.o
                0x0000000008002f90                HAL_CAN_AddTxMessage
 .text.HAL_CAN_GetTxMailboxesFreeLevel
                0x0000000008003144       0x68 Drivers/STM32F1xx_HAL_Driver/Src/stm32f1xx_hal_can.o
                0x0000000008003144                HAL_CAN_GetTxMailboxesFreeLevel
 .text.__NVIC_SetPriorityGrouping
                0x00000000080031ac       0x48 Drivers/STM32F1xx_HAL_Driver/Src/stm32f1xx_hal_cortex.o
 .text.__NVIC_GetPriorityGrouping
                0x00000000080031f4       0x1c Drivers/STM32F1xx_HAL_Driver/Src/stm32f1xx_hal_cortex.o
 .text.__NVIC_SetPriority
                0x0000000008003210       0x54 Drivers/STM32F1xx_HAL_Driver/Src/stm32f1xx_hal_cortex.o
 .text.NVIC_EncodePriority
                0x0000000008003264       0x64 Drivers/STM32F1xx_HAL_Driver/Src/stm32f1xx_hal_cortex.o
 .text.SysTick_Config
                0x00000000080032c8       0x44 Drivers/STM32F1xx_HAL_Driver/Src/stm32f1xx_hal_cortex.o
 .text.HAL_NVIC_SetPriorityGrouping
                0x000000000800330c       0x16 Drivers/STM32F1xx_HAL_Driver/Src/stm32f1xx_hal_cortex.o
                0x000000000800330c                HAL_NVIC_SetPriorityGrouping
 .text.HAL_NVIC_SetPriority
                0x0000000008003322       0x38 Drivers/STM32F1xx_HAL_Driver/Src/stm32f1xx_hal_cortex.o
                0x0000000008003322                HAL_NVIC_SetPriority
 .text.HAL_SYSTICK_Config
                0x000000000800335a       0x18 Drivers/STM32F1xx_HAL_Driver/Src/stm32f1xx_hal_cortex.o
                0x000000000800335a                HAL_SYSTICK_Config
 *fill*         0x0000000008003372        0x2 
 .text.HAL_SYSTICK_CLKSourceConfig
                0x0000000008003374       0x38 Drivers/STM32F1xx_HAL_Driver/Src/stm32f1xx_hal_cortex.o
                0x0000000008003374                HAL_SYSTICK_CLKSourceConfig
 .text.HAL_GPIO_Init
                0x00000000080033ac      0x2b4 Drivers/STM32F1xx_HAL_Driver/Src/stm32f1xx_hal_gpio.o
                0x00000000080033ac                HAL_GPIO_Init
 .text.HAL_GPIO_WritePin
                0x0000000008003660       0x30 Drivers/STM32F1xx_HAL_Driver/Src/stm32f1xx_hal_gpio.o
                0x0000000008003660                HAL_GPIO_WritePin
 .text.HAL_RCC_OscConfig
                0x0000000008003690      0x500 Drivers/STM32F1xx_HAL_Driver/Src/stm32f1xx_hal_rcc.o
                0x0000000008003690                HAL_RCC_OscConfig
 .text.HAL_RCC_ClockConfig
                0x0000000008003b90      0x1d4 Drivers/STM32F1xx_HAL_Driver/Src/stm32f1xx_hal_rcc.o
                0x0000000008003b90                HAL_RCC_ClockConfig
 .text.HAL_RCC_GetSysClockFreq
                0x0000000008003d64       0xc4 Drivers/STM32F1xx_HAL_Driver/Src/stm32f1xx_hal_rcc.o
                0x0000000008003d64                HAL_RCC_GetSysClockFreq
 .text.HAL_RCC_GetHCLKFreq
                0x0000000008003e28       0x14 Drivers/STM32F1xx_HAL_Driver/Src/stm32f1xx_hal_rcc.o
                0x0000000008003e28                HAL_RCC_GetHCLKFreq
 .text.HAL_RCC_GetPCLK2Freq
                0x0000000008003e3c       0x28 Drivers/STM32F1xx_HAL_Driver/Src/stm32f1xx_hal_rcc.o
                0x0000000008003e3c                HAL_RCC_GetPCLK2Freq
 .text.RCC_Delay
                0x0000000008003e64       0x3c Drivers/STM32F1xx_HAL_Driver/Src/stm32f1xx_hal_rcc.o
 .text.HAL_RCCEx_PeriphCLKConfig
                0x0000000008003ea0      0x16c Drivers/STM32F1xx_HAL_Driver/Src/stm32f1xx_hal_rcc_ex.o
                0x0000000008003ea0                HAL_RCCEx_PeriphCLKConfig
 .text.HAL_RCCEx_GetPeriphCLKFreq
                0x000000000800400c      0x178 Drivers/STM32F1xx_HAL_Driver/Src/stm32f1xx_hal_rcc_ex.o
                0x000000000800400c                HAL_RCCEx_GetPeriphCLKFreq
 .text.__errno  0x0000000008004184        0xc d:/stm32cubeide_1.3.0/stm32cubeide/plugins/com.st.stm32cube.ide.mcu.externaltools.gnu-tools-for-stm32.7-2018-q2-update.win32_1.4.0.202007081208/tools/bin/../lib/gcc/arm-none-eabi/7.3.1/../../../../arm-none-eabi/lib/thumb/v7-m\libc_nano.a(lib_a-errno.o)
                0x0000000008004184                __errno
 .text.__libc_init_array
                0x0000000008004190       0x48 d:/stm32cubeide_1.3.0/stm32cubeide/plugins/com.st.stm32cube.ide.mcu.externaltools.gnu-tools-for-stm32.7-2018-q2-update.win32_1.4.0.202007081208/tools/bin/../lib/gcc/arm-none-eabi/7.3.1/../../../../arm-none-eabi/lib/thumb/v7-m\libc_nano.a(lib_a-init.o)
                0x0000000008004190                __libc_init_array
 .text.memset   0x00000000080041d8       0x10 d:/stm32cubeide_1.3.0/stm32cubeide/plugins/com.st.stm32cube.ide.mcu.externaltools.gnu-tools-for-stm32.7-2018-q2-update.win32_1.4.0.202007081208/tools/bin/../lib/gcc/arm-none-eabi/7.3.1/../../../../arm-none-eabi/lib/thumb/v7-m\libc_nano.a(lib_a-memset.o)
                0x00000000080041d8                memset
 .text.logf     0x00000000080041e8       0xe4 d:/stm32cubeide_1.3.0/stm32cubeide/plugins/com.st.stm32cube.ide.mcu.externaltools.gnu-tools-for-stm32.7-2018-q2-update.win32_1.4.0.202007081208/tools/bin/../lib/gcc/arm-none-eabi/7.3.1/../../../../arm-none-eabi/lib/thumb/v7-m\libm.a(lib_a-wf_log.o)
                0x00000000080041e8                logf
 .text.__ieee754_logf
                0x00000000080042cc      0x248 d:/stm32cubeide_1.3.0/stm32cubeide/plugins/com.st.stm32cube.ide.mcu.externaltools.gnu-tools-for-stm32.7-2018-q2-update.win32_1.4.0.202007081208/tools/bin/../lib/gcc/arm-none-eabi/7.3.1/../../../../arm-none-eabi/lib/thumb/v7-m\libm.a(lib_a-ef_log.o)
                0x00000000080042cc                __ieee754_logf
 .text.matherr  0x0000000008004514        0x4 d:/stm32cubeide_1.3.0/stm32cubeide/plugins/com.st.stm32cube.ide.mcu.externaltools.gnu-tools-for-stm32.7-2018-q2-update.win32_1.4.0.202007081208/tools/bin/../lib/gcc/arm-none-eabi/7.3.1/../../../../arm-none-eabi/lib/thumb/v7-m\libm.a(lib_a-s_matherr.o)
                0x0000000008004514                matherr
 .text.nan      0x0000000008004518        0xc d:/stm32cubeide_1.3.0/stm32cubeide/plugins/com.st.stm32cube.ide.mcu.externaltools.gnu-tools-for-stm32.7-2018-q2-update.win32_1.4.0.202007081208/tools/bin/../lib/gcc/arm-none-eabi/7.3.1/../../../../arm-none-eabi/lib/thumb/v7-m\libm.a(lib_a-s_nan.o)
                0x0000000008004518                nan
 *(.glue_7)
 .glue_7        0x0000000008004524        0x0 linker stubs
 *(.glue_7t)
 .glue_7t       0x0000000008004524        0x0 linker stubs
 *(.eh_frame)
 .eh_frame      0x0000000008004524        0x0 d:/stm32cubeide_1.3.0/stm32cubeide/plugins/com.st.stm32cube.ide.mcu.externaltools.gnu-tools-for-stm32.7-2018-q2-update.win32_1.4.0.202007081208/tools/bin/../lib/gcc/arm-none-eabi/7.3.1/thumb/v7-m/crtbegin.o
 *(.init)
 .init          0x0000000008004524        0x4 d:/stm32cubeide_1.3.0/stm32cubeide/plugins/com.st.stm32cube.ide.mcu.externaltools.gnu-tools-for-stm32.7-2018-q2-update.win32_1.4.0.202007081208/tools/bin/../lib/gcc/arm-none-eabi/7.3.1/thumb/v7-m/crti.o
                0x0000000008004524                _init
 .init          0x0000000008004528        0x8 d:/stm32cubeide_1.3.0/stm32cubeide/plugins/com.st.stm32cube.ide.mcu.externaltools.gnu-tools-for-stm32.7-2018-q2-update.win32_1.4.0.202007081208/tools/bin/../lib/gcc/arm-none-eabi/7.3.1/thumb/v7-m/crtn.o
 *(.fini)
 .fini          0x0000000008004530        0x4 d:/stm32cubeide_1.3.0/stm32cubeide/plugins/com.st.stm32cube.ide.mcu.externaltools.gnu-tools-for-stm32.7-2018-q2-update.win32_1.4.0.202007081208/tools/bin/../lib/gcc/arm-none-eabi/7.3.1/thumb/v7-m/crti.o
                0x0000000008004530                _fini
 .fini          0x0000000008004534        0x8 d:/stm32cubeide_1.3.0/stm32cubeide/plugins/com.st.stm32cube.ide.mcu.externaltools.gnu-tools-for-stm32.7-2018-q2-update.win32_1.4.0.202007081208/tools/bin/../lib/gcc/arm-none-eabi/7.3.1/thumb/v7-m/crtn.o
                0x000000000800453c                . = ALIGN (0x4)
                0x000000000800453c                _etext = .

.vfp11_veneer   0x000000000800453c        0x0
 .vfp11_veneer  0x000000000800453c        0x0 linker stubs

.v4_bx          0x000000000800453c        0x0
 .v4_bx         0x000000000800453c        0x0 linker stubs

.iplt           0x000000000800453c        0x0
 .iplt          0x000000000800453c        0x0 d:/stm32cubeide_1.3.0/stm32cubeide/plugins/com.st.stm32cube.ide.mcu.externaltools.gnu-tools-for-stm32.7-2018-q2-update.win32_1.4.0.202007081208/tools/bin/../lib/gcc/arm-none-eabi/7.3.1/thumb/v7-m/crtbegin.o

.rodata         0x000000000800453c       0x48
                0x000000000800453c                . = ALIGN (0x4)
 *(.rodata)
 .rodata        0x000000000800453c       0x12 Drivers/STM32F1xx_HAL_Driver/Src/stm32f1xx_hal_rcc.o
 *fill*         0x000000000800454e        0x2 
 .rodata        0x0000000008004550       0x12 Drivers/STM32F1xx_HAL_Driver/Src/stm32f1xx_hal_rcc_ex.o
 *(.rodata*)
 *fill*         0x0000000008004562        0x2 
 .rodata.AHBPrescTable
                0x0000000008004564       0x10 Core/Src/system_stm32f1xx.o
                0x0000000008004564                AHBPrescTable
 .rodata.APBPrescTable
                0x0000000008004574        0x8 Core/Src/system_stm32f1xx.o
                0x0000000008004574                APBPrescTable
 .rodata.logf.str1.1
                0x000000000800457c        0x5 d:/stm32cubeide_1.3.0/stm32cubeide/plugins/com.st.stm32cube.ide.mcu.externaltools.gnu-tools-for-stm32.7-2018-q2-update.win32_1.4.0.202007081208/tools/bin/../lib/gcc/arm-none-eabi/7.3.1/../../../../arm-none-eabi/lib/thumb/v7-m\libm.a(lib_a-wf_log.o)
                                          0x6 (size before relaxing)
                0x0000000008004584                . = ALIGN (0x4)
 *fill*         0x0000000008004581        0x3 

.rel.dyn        0x0000000008004584        0x0
 .rel.iplt      0x0000000008004584        0x0 d:/stm32cubeide_1.3.0/stm32cubeide/plugins/com.st.stm32cube.ide.mcu.externaltools.gnu-tools-for-stm32.7-2018-q2-update.win32_1.4.0.202007081208/tools/bin/../lib/gcc/arm-none-eabi/7.3.1/thumb/v7-m/crtbegin.o

.ARM.extab      0x0000000008004584        0x0
                0x0000000008004584                . = ALIGN (0x4)
 *(.ARM.extab* .gnu.linkonce.armextab.*)
                0x0000000008004584                . = ALIGN (0x4)

.ARM            0x0000000008004584        0x0
                0x0000000008004584                . = ALIGN (0x4)
                0x0000000008004584                __exidx_start = .
 *(.ARM.exidx*)
                0x0000000008004584                __exidx_end = .
                0x0000000008004584                . = ALIGN (0x4)

.preinit_array  0x0000000008004584        0x0
                0x0000000008004584                . = ALIGN (0x4)
                0x0000000008004584                PROVIDE (__preinit_array_start = .)
 *(.preinit_array*)
                0x0000000008004584                PROVIDE (__preinit_array_end = .)
                0x0000000008004584                . = ALIGN (0x4)

.init_array     0x0000000008004584        0x4
                0x0000000008004584                . = ALIGN (0x4)
                0x0000000008004584                PROVIDE (__init_array_start = .)
 *(SORT_BY_NAME(.init_array.*))
 *(.init_array*)
 .init_array    0x0000000008004584        0x4 d:/stm32cubeide_1.3.0/stm32cubeide/plugins/com.st.stm32cube.ide.mcu.externaltools.gnu-tools-for-stm32.7-2018-q2-update.win32_1.4.0.202007081208/tools/bin/../lib/gcc/arm-none-eabi/7.3.1/thumb/v7-m/crtbegin.o
                0x0000000008004588                PROVIDE (__init_array_end = .)
                0x0000000008004588                . = ALIGN (0x4)

.fini_array     0x0000000008004588        0x4
                0x0000000008004588                . = ALIGN (0x4)
                [!provide]                        PROVIDE (__fini_array_start = .)
 *(SORT_BY_NAME(.fini_array.*))
 *(.fini_array*)
 .fini_array    0x0000000008004588        0x4 d:/stm32cubeide_1.3.0/stm32cubeide/plugins/com.st.stm32cube.ide.mcu.externaltools.gnu-tools-for-stm32.7-2018-q2-update.win32_1.4.0.202007081208/tools/bin/../lib/gcc/arm-none-eabi/7.3.1/thumb/v7-m/crtbegin.o
                [!provide]                        PROVIDE (__fini_array_end = .)
                0x000000000800458c                . = ALIGN (0x4)
                0x000000000800458c                _sidata = LOADADDR (.data)

.data           0x0000000020000000       0x74 load address 0x000000000800458c
                0x0000000020000000                . = ALIGN (0x4)
                0x0000000020000000                _sdata = .
 *(.data)
 *(.data*)
 .data.SystemCoreClock
                0x0000000020000000        0x4 Core/Src/system_stm32f1xx.o
                0x0000000020000000                SystemCoreClock
 .data.uwTickPrio
                0x0000000020000004        0x4 Drivers/STM32F1xx_HAL_Driver/Src/stm32f1xx_hal.o
                0x0000000020000004                uwTickPrio
 .data.uwTickFreq
                0x0000000020000008        0x1 Drivers/STM32F1xx_HAL_Driver/Src/stm32f1xx_hal.o
                0x0000000020000008                uwTickFreq
 *fill*         0x0000000020000009        0x3 
 .data._impure_ptr
                0x000000002000000c        0x4 d:/stm32cubeide_1.3.0/stm32cubeide/plugins/com.st.stm32cube.ide.mcu.externaltools.gnu-tools-for-stm32.7-2018-q2-update.win32_1.4.0.202007081208/tools/bin/../lib/gcc/arm-none-eabi/7.3.1/../../../../arm-none-eabi/lib/thumb/v7-m\libc_nano.a(lib_a-impure.o)
                0x000000002000000c                _impure_ptr
 .data.impure_data
                0x0000000020000010       0x60 d:/stm32cubeide_1.3.0/stm32cubeide/plugins/com.st.stm32cube.ide.mcu.externaltools.gnu-tools-for-stm32.7-2018-q2-update.win32_1.4.0.202007081208/tools/bin/../lib/gcc/arm-none-eabi/7.3.1/../../../../arm-none-eabi/lib/thumb/v7-m\libc_nano.a(lib_a-impure.o)
 .data.__fdlib_version
                0x0000000020000070        0x1 d:/stm32cubeide_1.3.0/stm32cubeide/plugins/com.st.stm32cube.ide.mcu.externaltools.gnu-tools-for-stm32.7-2018-q2-update.win32_1.4.0.202007081208/tools/bin/../lib/gcc/arm-none-eabi/7.3.1/../../../../arm-none-eabi/lib/thumb/v7-m\libm.a(lib_a-s_lib_ver.o)
                0x0000000020000070                __fdlib_version
                0x0000000020000074                . = ALIGN (0x4)
 *fill*         0x0000000020000071        0x3 
                0x0000000020000074                _edata = .

.igot.plt       0x0000000020000074        0x0 load address 0x0000000008004600
 .igot.plt      0x0000000020000074        0x0 d:/stm32cubeide_1.3.0/stm32cubeide/plugins/com.st.stm32cube.ide.mcu.externaltools.gnu-tools-for-stm32.7-2018-q2-update.win32_1.4.0.202007081208/tools/bin/../lib/gcc/arm-none-eabi/7.3.1/thumb/v7-m/crtbegin.o
                0x0000000020000074                . = ALIGN (0x4)

.bss            0x0000000020000074      0x1ec load address 0x0000000008004600
                0x0000000020000074                _sbss = .
                0x0000000020000074                __bss_start__ = _sbss
 *(.bss)
 .bss           0x0000000020000074       0x1c d:/stm32cubeide_1.3.0/stm32cubeide/plugins/com.st.stm32cube.ide.mcu.externaltools.gnu-tools-for-stm32.7-2018-q2-update.win32_1.4.0.202007081208/tools/bin/../lib/gcc/arm-none-eabi/7.3.1/thumb/v7-m/crtbegin.o
 *(.bss*)
 *(COMMON)
 COMMON         0x0000000020000090      0x1c2 Core/Src/BatteryPackInf.o
                0x0000000020000090                hiwdg
                0x000000002000009c                hcan
                0x00000000200000c4                hadc1
                0x00000000200000f4                TxMessage
                0x000000002000010c                RxMessage
                0x0000000020000128                batteryPack
 *fill*         0x0000000020000252        0x2 
 COMMON         0x0000000020000254        0x8 Core/Src/FrameWork.o
                0x0000000020000254                TimestampReadMatrix
                0x0000000020000258                TimestampWatchdog
 COMMON         0x000000002000025c        0x4 Drivers/STM32F1xx_HAL_Driver/Src/stm32f1xx_hal.o
                0x000000002000025c                uwTick
                0x0000000020000260                . = ALIGN (0x4)
                0x0000000020000260                _ebss = .
                0x0000000020000260                __bss_end__ = _ebss

._user_heap_stack
                0x0000000020000260      0x600 load address 0x0000000008004600
                0x0000000020000260                . = ALIGN (0x8)
                [!provide]                        PROVIDE (end = .)
                0x0000000020000260                PROVIDE (_end = .)
                0x0000000020000460                . = (. + _Min_Heap_Size)
 *fill*         0x0000000020000260      0x200 
                0x0000000020000860                . = (. + _Min_Stack_Size)
 *fill*         0x0000000020000460      0x400 
                0x0000000020000860                . = ALIGN (0x8)

/DISCARD/
 libc.a(*)
 libm.a(*)
 libgcc.a(*)

.ARM.attributes
                0x0000000000000000       0x29
 *(.ARM.attributes)
 .ARM.attributes
                0x0000000000000000       0x1d d:/stm32cubeide_1.3.0/stm32cubeide/plugins/com.st.stm32cube.ide.mcu.externaltools.gnu-tools-for-stm32.7-2018-q2-update.win32_1.4.0.202007081208/tools/bin/../lib/gcc/arm-none-eabi/7.3.1/thumb/v7-m/crti.o
 .ARM.attributes
                0x000000000000001d       0x2d d:/stm32cubeide_1.3.0/stm32cubeide/plugins/com.st.stm32cube.ide.mcu.externaltools.gnu-tools-for-stm32.7-2018-q2-update.win32_1.4.0.202007081208/tools/bin/../lib/gcc/arm-none-eabi/7.3.1/thumb/v7-m/crtbegin.o
 .ARM.attributes
                0x000000000000004a       0x33 Core/Src/BatteryPackInf.o
 .ARM.attributes
                0x000000000000007d       0x33 Core/Src/FrameWork.o
 .ARM.attributes
                0x00000000000000b0       0x33 Core/Src/Gpio.o
 .ARM.attributes
                0x00000000000000e3       0x33 Core/Src/MuxControl.o
 .ARM.attributes
                0x0000000000000116       0x33 Core/Src/adc.o
 .ARM.attributes
                0x0000000000000149       0x33 Core/Src/can.o
 .ARM.attributes
                0x000000000000017c       0x33 Core/Src/main.o
 .ARM.attributes
                0x00000000000001af       0x33 Core/Src/stm32f1xx_hal_msp.o
 .ARM.attributes
                0x00000000000001e2       0x33 Core/Src/stm32f1xx_it.o
 .ARM.attributes
                0x0000000000000215       0x33 Core/Src/system_stm32f1xx.o
 .ARM.attributes
                0x0000000000000248       0x21 Core/Startup/startup_stm32f103rbtx.o
 .ARM.attributes
                0x0000000000000269       0x33 Drivers/STM32F1xx_HAL_Driver/Src/stm32f1xx_hal.o
 .ARM.attributes
                0x000000000000029c       0x33 Drivers/STM32F1xx_HAL_Driver/Src/stm32f1xx_hal_adc.o
 .ARM.attributes
                0x00000000000002cf       0x33 Drivers/STM32F1xx_HAL_Driver/Src/stm32f1xx_hal_can.o
 .ARM.attributes
                0x0000000000000302       0x33 Drivers/STM32F1xx_HAL_Driver/Src/stm32f1xx_hal_cortex.o
 .ARM.attributes
                0x0000000000000335       0x33 Drivers/STM32F1xx_HAL_Driver/Src/stm32f1xx_hal_gpio.o
 .ARM.attributes
                0x0000000000000368       0x33 Drivers/STM32F1xx_HAL_Driver/Src/stm32f1xx_hal_rcc.o
 .ARM.attributes
                0x000000000000039b       0x33 Drivers/STM32F1xx_HAL_Driver/Src/stm32f1xx_hal_rcc_ex.o
 .ARM.attributes
                0x00000000000003ce       0x2d d:/stm32cubeide_1.3.0/stm32cubeide/plugins/com.st.stm32cube.ide.mcu.externaltools.gnu-tools-for-stm32.7-2018-q2-update.win32_1.4.0.202007081208/tools/bin/../lib/gcc/arm-none-eabi/7.3.1/../../../../arm-none-eabi/lib/thumb/v7-m\libc_nano.a(lib_a-errno.o)
 .ARM.attributes
                0x00000000000003fb       0x2d d:/stm32cubeide_1.3.0/stm32cubeide/plugins/com.st.stm32cube.ide.mcu.externaltools.gnu-tools-for-stm32.7-2018-q2-update.win32_1.4.0.202007081208/tools/bin/../lib/gcc/arm-none-eabi/7.3.1/../../../../arm-none-eabi/lib/thumb/v7-m\libc_nano.a(lib_a-impure.o)
 .ARM.attributes
                0x0000000000000428       0x2d d:/stm32cubeide_1.3.0/stm32cubeide/plugins/com.st.stm32cube.ide.mcu.externaltools.gnu-tools-for-stm32.7-2018-q2-update.win32_1.4.0.202007081208/tools/bin/../lib/gcc/arm-none-eabi/7.3.1/../../../../arm-none-eabi/lib/thumb/v7-m\libc_nano.a(lib_a-init.o)
 .ARM.attributes
                0x0000000000000455       0x2d d:/stm32cubeide_1.3.0/stm32cubeide/plugins/com.st.stm32cube.ide.mcu.externaltools.gnu-tools-for-stm32.7-2018-q2-update.win32_1.4.0.202007081208/tools/bin/../lib/gcc/arm-none-eabi/7.3.1/../../../../arm-none-eabi/lib/thumb/v7-m\libc_nano.a(lib_a-memset.o)
 .ARM.attributes
                0x0000000000000482       0x2d d:/stm32cubeide_1.3.0/stm32cubeide/plugins/com.st.stm32cube.ide.mcu.externaltools.gnu-tools-for-stm32.7-2018-q2-update.win32_1.4.0.202007081208/tools/bin/../lib/gcc/arm-none-eabi/7.3.1/../../../../arm-none-eabi/lib/thumb/v7-m\libm.a(lib_a-wf_log.o)
 .ARM.attributes
                0x00000000000004af       0x2d d:/stm32cubeide_1.3.0/stm32cubeide/plugins/com.st.stm32cube.ide.mcu.externaltools.gnu-tools-for-stm32.7-2018-q2-update.win32_1.4.0.202007081208/tools/bin/../lib/gcc/arm-none-eabi/7.3.1/../../../../arm-none-eabi/lib/thumb/v7-m\libm.a(lib_a-ef_log.o)
 .ARM.attributes
                0x00000000000004dc       0x2d d:/stm32cubeide_1.3.0/stm32cubeide/plugins/com.st.stm32cube.ide.mcu.externaltools.gnu-tools-for-stm32.7-2018-q2-update.win32_1.4.0.202007081208/tools/bin/../lib/gcc/arm-none-eabi/7.3.1/../../../../arm-none-eabi/lib/thumb/v7-m\libm.a(lib_a-s_lib_ver.o)
 .ARM.attributes
                0x0000000000000509       0x2d d:/stm32cubeide_1.3.0/stm32cubeide/plugins/com.st.stm32cube.ide.mcu.externaltools.gnu-tools-for-stm32.7-2018-q2-update.win32_1.4.0.202007081208/tools/bin/../lib/gcc/arm-none-eabi/7.3.1/../../../../arm-none-eabi/lib/thumb/v7-m\libm.a(lib_a-s_matherr.o)
 .ARM.attributes
                0x0000000000000536       0x2d d:/stm32cubeide_1.3.0/stm32cubeide/plugins/com.st.stm32cube.ide.mcu.externaltools.gnu-tools-for-stm32.7-2018-q2-update.win32_1.4.0.202007081208/tools/bin/../lib/gcc/arm-none-eabi/7.3.1/../../../../arm-none-eabi/lib/thumb/v7-m\libm.a(lib_a-s_nan.o)
 .ARM.attributes
                0x0000000000000563       0x1d d:/stm32cubeide_1.3.0/stm32cubeide/plugins/com.st.stm32cube.ide.mcu.externaltools.gnu-tools-for-stm32.7-2018-q2-update.win32_1.4.0.202007081208/tools/bin/../lib/gcc/arm-none-eabi/7.3.1/thumb/v7-m\libgcc.a(_arm_addsubdf3.o)
 .ARM.attributes
                0x0000000000000580       0x1d d:/stm32cubeide_1.3.0/stm32cubeide/plugins/com.st.stm32cube.ide.mcu.externaltools.gnu-tools-for-stm32.7-2018-q2-update.win32_1.4.0.202007081208/tools/bin/../lib/gcc/arm-none-eabi/7.3.1/thumb/v7-m\libgcc.a(_arm_muldivdf3.o)
 .ARM.attributes
                0x000000000000059d       0x1d d:/stm32cubeide_1.3.0/stm32cubeide/plugins/com.st.stm32cube.ide.mcu.externaltools.gnu-tools-for-stm32.7-2018-q2-update.win32_1.4.0.202007081208/tools/bin/../lib/gcc/arm-none-eabi/7.3.1/thumb/v7-m\libgcc.a(_arm_fixunsdfsi.o)
 .ARM.attributes
                0x00000000000005ba       0x1d d:/stm32cubeide_1.3.0/stm32cubeide/plugins/com.st.stm32cube.ide.mcu.externaltools.gnu-tools-for-stm32.7-2018-q2-update.win32_1.4.0.202007081208/tools/bin/../lib/gcc/arm-none-eabi/7.3.1/thumb/v7-m\libgcc.a(_arm_truncdfsf2.o)
 .ARM.attributes
                0x00000000000005d7       0x1d d:/stm32cubeide_1.3.0/stm32cubeide/plugins/com.st.stm32cube.ide.mcu.externaltools.gnu-tools-for-stm32.7-2018-q2-update.win32_1.4.0.202007081208/tools/bin/../lib/gcc/arm-none-eabi/7.3.1/thumb/v7-m\libgcc.a(_arm_addsubsf3.o)
 .ARM.attributes
                0x00000000000005f4       0x1d d:/stm32cubeide_1.3.0/stm32cubeide/plugins/com.st.stm32cube.ide.mcu.externaltools.gnu-tools-for-stm32.7-2018-q2-update.win32_1.4.0.202007081208/tools/bin/../lib/gcc/arm-none-eabi/7.3.1/thumb/v7-m\libgcc.a(_arm_muldivsf3.o)
 .ARM.attributes
                0x0000000000000611       0x1d d:/stm32cubeide_1.3.0/stm32cubeide/plugins/com.st.stm32cube.ide.mcu.externaltools.gnu-tools-for-stm32.7-2018-q2-update.win32_1.4.0.202007081208/tools/bin/../lib/gcc/arm-none-eabi/7.3.1/thumb/v7-m\libgcc.a(_arm_cmpsf2.o)
 .ARM.attributes
                0x000000000000062e       0x1d d:/stm32cubeide_1.3.0/stm32cubeide/plugins/com.st.stm32cube.ide.mcu.externaltools.gnu-tools-for-stm32.7-2018-q2-update.win32_1.4.0.202007081208/tools/bin/../lib/gcc/arm-none-eabi/7.3.1/thumb/v7-m\libgcc.a(_arm_unordsf2.o)
 .ARM.attributes
                0x000000000000064b       0x1d d:/stm32cubeide_1.3.0/stm32cubeide/plugins/com.st.stm32cube.ide.mcu.externaltools.gnu-tools-for-stm32.7-2018-q2-update.win32_1.4.0.202007081208/tools/bin/../lib/gcc/arm-none-eabi/7.3.1/thumb/v7-m\libgcc.a(_arm_fixunssfsi.o)
 .ARM.attributes
                0x0000000000000668       0x1d d:/stm32cubeide_1.3.0/stm32cubeide/plugins/com.st.stm32cube.ide.mcu.externaltools.gnu-tools-for-stm32.7-2018-q2-update.win32_1.4.0.202007081208/tools/bin/../lib/gcc/arm-none-eabi/7.3.1/thumb/v7-m/crtn.o
OUTPUT(CSP_Temperature.elf elf32-littlearm)

.debug_info     0x0000000000000000     0xe5b0
 .debug_info    0x0000000000000000     0x15b6 Core/Src/BatteryPackInf.o
 .debug_info    0x00000000000015b6     0x13bc Core/Src/FrameWork.o
 .debug_info    0x0000000000002972     0x14f8 Core/Src/Gpio.o
 .debug_info    0x0000000000003e6a     0x1536 Core/Src/MuxControl.o
 .debug_info    0x00000000000053a0      0x650 Core/Src/adc.o
 .debug_info    0x00000000000059f0      0x79b Core/Src/can.o
 .debug_info    0x000000000000618b     0x160c Core/Src/main.o
 .debug_info    0x0000000000007797     0x1678 Core/Src/stm32f1xx_hal_msp.o
 .debug_info    0x0000000000008e0f     0x1389 Core/Src/stm32f1xx_it.o
 .debug_info    0x000000000000a198      0x29a Core/Src/system_stm32f1xx.o
 .debug_info    0x000000000000a432       0x22 Core/Startup/startup_stm32f103rbtx.o
 .debug_info    0x000000000000a454      0x714 Drivers/STM32F1xx_HAL_Driver/Src/stm32f1xx_hal.o
 .debug_info    0x000000000000ab68      0xc6c Drivers/STM32F1xx_HAL_Driver/Src/stm32f1xx_hal_adc.o
 .debug_info    0x000000000000b7d4      0xf9d Drivers/STM32F1xx_HAL_Driver/Src/stm32f1xx_hal_can.o
 .debug_info    0x000000000000c771      0xb51 Drivers/STM32F1xx_HAL_Driver/Src/stm32f1xx_hal_cortex.o
 .debug_info    0x000000000000d2c2      0x69b Drivers/STM32F1xx_HAL_Driver/Src/stm32f1xx_hal_gpio.o
 .debug_info    0x000000000000d95d      0x80f Drivers/STM32F1xx_HAL_Driver/Src/stm32f1xx_hal_rcc.o
 .debug_info    0x000000000000e16c      0x444 Drivers/STM32F1xx_HAL_Driver/Src/stm32f1xx_hal_rcc_ex.o

.debug_abbrev   0x0000000000000000     0x2297
 .debug_abbrev  0x0000000000000000      0x28e Core/Src/BatteryPackInf.o
 .debug_abbrev  0x000000000000028e      0x24e Core/Src/FrameWork.o
 .debug_abbrev  0x00000000000004dc      0x21d Core/Src/Gpio.o
 .debug_abbrev  0x00000000000006f9      0x292 Core/Src/MuxControl.o
 .debug_abbrev  0x000000000000098b      0x192 Core/Src/adc.o
 .debug_abbrev  0x0000000000000b1d      0x1a8 Core/Src/can.o
 .debug_abbrev  0x0000000000000cc5      0x23d Core/Src/main.o
 .debug_abbrev  0x0000000000000f02      0x246 Core/Src/stm32f1xx_hal_msp.o
 .debug_abbrev  0x0000000000001148      0x212 Core/Src/stm32f1xx_it.o
 .debug_abbrev  0x000000000000135a      0x134 Core/Src/system_stm32f1xx.o
 .debug_abbrev  0x000000000000148e       0x12 Core/Startup/startup_stm32f103rbtx.o
 .debug_abbrev  0x00000000000014a0      0x1c7 Drivers/STM32F1xx_HAL_Driver/Src/stm32f1xx_hal.o
 .debug_abbrev  0x0000000000001667      0x1d5 Drivers/STM32F1xx_HAL_Driver/Src/stm32f1xx_hal_adc.o
 .debug_abbrev  0x000000000000183c      0x20e Drivers/STM32F1xx_HAL_Driver/Src/stm32f1xx_hal_can.o
 .debug_abbrev  0x0000000000001a4a      0x2d5 Drivers/STM32F1xx_HAL_Driver/Src/stm32f1xx_hal_cortex.o
 .debug_abbrev  0x0000000000001d1f      0x1c0 Drivers/STM32F1xx_HAL_Driver/Src/stm32f1xx_hal_gpio.o
 .debug_abbrev  0x0000000000001edf      0x243 Drivers/STM32F1xx_HAL_Driver/Src/stm32f1xx_hal_rcc.o
 .debug_abbrev  0x0000000000002122      0x175 Drivers/STM32F1xx_HAL_Driver/Src/stm32f1xx_hal_rcc_ex.o

.debug_aranges  0x0000000000000000      0x7b8
 .debug_aranges
                0x0000000000000000       0x58 Core/Src/BatteryPackInf.o
 .debug_aranges
                0x0000000000000058       0x40 Core/Src/FrameWork.o
 .debug_aranges
                0x0000000000000098       0x20 Core/Src/Gpio.o
 .debug_aranges
                0x00000000000000b8       0x68 Core/Src/MuxControl.o
 .debug_aranges
                0x0000000000000120       0x28 Core/Src/adc.o
 .debug_aranges
                0x0000000000000148       0x30 Core/Src/can.o
 .debug_aranges
                0x0000000000000178       0x30 Core/Src/main.o
 .debug_aranges
                0x00000000000001a8       0x40 Core/Src/stm32f1xx_hal_msp.o
 .debug_aranges
                0x00000000000001e8       0x60 Core/Src/stm32f1xx_it.o
 .debug_aranges
                0x0000000000000248       0x28 Core/Src/system_stm32f1xx.o
 .debug_aranges
                0x0000000000000270       0x28 Core/Startup/startup_stm32f103rbtx.o
 .debug_aranges
                0x0000000000000298       0xe0 Drivers/STM32F1xx_HAL_Driver/Src/stm32f1xx_hal.o
 .debug_aranges
                0x0000000000000378       0xf0 Drivers/STM32F1xx_HAL_Driver/Src/stm32f1xx_hal_adc.o
 .debug_aranges
                0x0000000000000468      0x138 Drivers/STM32F1xx_HAL_Driver/Src/stm32f1xx_hal_can.o
 .debug_aranges
                0x00000000000005a0      0x100 Drivers/STM32F1xx_HAL_Driver/Src/stm32f1xx_hal_cortex.o
 .debug_aranges
                0x00000000000006a0       0x58 Drivers/STM32F1xx_HAL_Driver/Src/stm32f1xx_hal_gpio.o
 .debug_aranges
                0x00000000000006f8       0x90 Drivers/STM32F1xx_HAL_Driver/Src/stm32f1xx_hal_rcc.o
 .debug_aranges
                0x0000000000000788       0x30 Drivers/STM32F1xx_HAL_Driver/Src/stm32f1xx_hal_rcc_ex.o

.debug_ranges   0x0000000000000000      0x6a0
 .debug_ranges  0x0000000000000000       0x48 Core/Src/BatteryPackInf.o
 .debug_ranges  0x0000000000000048       0x30 Core/Src/FrameWork.o
 .debug_ranges  0x0000000000000078       0x10 Core/Src/Gpio.o
 .debug_ranges  0x0000000000000088       0x58 Core/Src/MuxControl.o
 .debug_ranges  0x00000000000000e0       0x18 Core/Src/adc.o
 .debug_ranges  0x00000000000000f8       0x20 Core/Src/can.o
 .debug_ranges  0x0000000000000118       0x20 Core/Src/main.o
 .debug_ranges  0x0000000000000138       0x30 Core/Src/stm32f1xx_hal_msp.o
 .debug_ranges  0x0000000000000168       0x50 Core/Src/stm32f1xx_it.o
 .debug_ranges  0x00000000000001b8       0x18 Core/Src/system_stm32f1xx.o
 .debug_ranges  0x00000000000001d0       0x20 Core/Startup/startup_stm32f103rbtx.o
 .debug_ranges  0x00000000000001f0       0xd0 Drivers/STM32F1xx_HAL_Driver/Src/stm32f1xx_hal.o
 .debug_ranges  0x00000000000002c0       0xe0 Drivers/STM32F1xx_HAL_Driver/Src/stm32f1xx_hal_adc.o
 .debug_ranges  0x00000000000003a0      0x128 Drivers/STM32F1xx_HAL_Driver/Src/stm32f1xx_hal_can.o
 .debug_ranges  0x00000000000004c8       0xf0 Drivers/STM32F1xx_HAL_Driver/Src/stm32f1xx_hal_cortex.o
 .debug_ranges  0x00000000000005b8       0x48 Drivers/STM32F1xx_HAL_Driver/Src/stm32f1xx_hal_gpio.o
 .debug_ranges  0x0000000000000600       0x80 Drivers/STM32F1xx_HAL_Driver/Src/stm32f1xx_hal_rcc.o
 .debug_ranges  0x0000000000000680       0x20 Drivers/STM32F1xx_HAL_Driver/Src/stm32f1xx_hal_rcc_ex.o

.debug_macro    0x0000000000000000    0x18692
 .debug_macro   0x0000000000000000      0x340 Core/Src/BatteryPackInf.o
 .debug_macro   0x0000000000000340      0xa5a Core/Src/BatteryPackInf.o
 .debug_macro   0x0000000000000d9a      0x227 Core/Src/BatteryPackInf.o
 .debug_macro   0x0000000000000fc1       0x2e Core/Src/BatteryPackInf.o
 .debug_macro   0x0000000000000fef       0x22 Core/Src/BatteryPackInf.o
 .debug_macro   0x0000000000001011       0x22 Core/Src/BatteryPackInf.o
 .debug_macro   0x0000000000001033       0x8e Core/Src/BatteryPackInf.o
 .debug_macro   0x00000000000010c1       0x51 Core/Src/BatteryPackInf.o
 .debug_macro   0x0000000000001112       0xef Core/Src/BatteryPackInf.o
 .debug_macro   0x0000000000001201       0x6a Core/Src/BatteryPackInf.o
 .debug_macro   0x000000000000126b      0x1df Core/Src/BatteryPackInf.o
 .debug_macro   0x000000000000144a       0x1c Core/Src/BatteryPackInf.o
 .debug_macro   0x0000000000001466       0x22 Core/Src/BatteryPackInf.o
 .debug_macro   0x0000000000001488       0xc3 Core/Src/BatteryPackInf.o
 .debug_macro   0x000000000000154b      0xd23 Core/Src/BatteryPackInf.o
 .debug_macro   0x000000000000226e     0xe097 Core/Src/BatteryPackInf.o
 .debug_macro   0x0000000000010305       0x43 Core/Src/BatteryPackInf.o
 .debug_macro   0x0000000000010348     0x3468 Core/Src/BatteryPackInf.o
 .debug_macro   0x00000000000137b0      0x174 Core/Src/BatteryPackInf.o
 .debug_macro   0x0000000000013924       0x5c Core/Src/BatteryPackInf.o
 .debug_macro   0x0000000000013980      0x5be Core/Src/BatteryPackInf.o
 .debug_macro   0x0000000000013f3e      0x289 Core/Src/BatteryPackInf.o
 .debug_macro   0x00000000000141c7      0x1cb Core/Src/BatteryPackInf.o
 .debug_macro   0x0000000000014392      0x114 Core/Src/BatteryPackInf.o
 .debug_macro   0x00000000000144a6      0x1b2 Core/Src/BatteryPackInf.o
 .debug_macro   0x0000000000014658       0x27 Core/Src/BatteryPackInf.o
 .debug_macro   0x000000000001467f      0x136 Core/Src/BatteryPackInf.o
 .debug_macro   0x00000000000147b5      0x1bc Core/Src/BatteryPackInf.o
 .debug_macro   0x0000000000014971       0x34 Core/Src/BatteryPackInf.o
 .debug_macro   0x00000000000149a5       0x3c Core/Src/BatteryPackInf.o
 .debug_macro   0x00000000000149e1      0x408 Core/Src/BatteryPackInf.o
 .debug_macro   0x0000000000014de9       0x57 Core/Src/BatteryPackInf.o
 .debug_macro   0x0000000000014e40      0x46a Core/Src/BatteryPackInf.o
 .debug_macro   0x00000000000152aa      0x1b5 Core/Src/BatteryPackInf.o
 .debug_macro   0x000000000001545f       0x88 Core/Src/BatteryPackInf.o
 .debug_macro   0x00000000000154e7      0x241 Core/Src/BatteryPackInf.o
 .debug_macro   0x0000000000015728       0x78 Core/Src/BatteryPackInf.o
 .debug_macro   0x00000000000157a0      0x141 Core/Src/BatteryPackInf.o
 .debug_macro   0x00000000000158e1       0x83 Core/Src/BatteryPackInf.o
 .debug_macro   0x0000000000015964       0x16 Core/Src/BatteryPackInf.o
 .debug_macro   0x000000000001597a       0xac Core/Src/BatteryPackInf.o
 .debug_macro   0x0000000000015a26       0x46 Core/Src/BatteryPackInf.o
 .debug_macro   0x0000000000015a6c       0x18 Core/Src/BatteryPackInf.o
 .debug_macro   0x0000000000015a84       0x3c Core/Src/BatteryPackInf.o
 .debug_macro   0x0000000000015ac0       0x34 Core/Src/BatteryPackInf.o
 .debug_macro   0x0000000000015af4       0x52 Core/Src/BatteryPackInf.o
 .debug_macro   0x0000000000015b46       0x1f Core/Src/BatteryPackInf.o
 .debug_macro   0x0000000000015b65       0x43 Core/Src/BatteryPackInf.o
 .debug_macro   0x0000000000015ba8       0x20 Core/Src/BatteryPackInf.o
 .debug_macro   0x0000000000015bc8      0x1a3 Core/Src/BatteryPackInf.o
 .debug_macro   0x0000000000015d6b      0x32a Core/Src/BatteryPackInf.o
 .debug_macro   0x0000000000016095       0x10 Core/Src/BatteryPackInf.o
 .debug_macro   0x00000000000160a5       0x35 Core/Src/BatteryPackInf.o
 .debug_macro   0x00000000000160da       0x20 Core/Src/BatteryPackInf.o
 .debug_macro   0x00000000000160fa      0x1e1 Core/Src/BatteryPackInf.o
 .debug_macro   0x00000000000162db      0x2f0 Core/Src/FrameWork.o
 .debug_macro   0x00000000000165cb      0x2e9 Core/Src/Gpio.o
 .debug_macro   0x00000000000168b4       0xac Core/Src/Gpio.o
 .debug_macro   0x0000000000016960      0x2ed Core/Src/MuxControl.o
 .debug_macro   0x0000000000016c4d      0x1bb Core/Src/adc.o
 .debug_macro   0x0000000000016e08       0x10 Core/Src/adc.o
 .debug_macro   0x0000000000016e18      0x1b6 Core/Src/can.o
 .debug_macro   0x0000000000016fce      0x2dc Core/Src/main.o
 .debug_macro   0x00000000000172aa      0x2dc Core/Src/stm32f1xx_hal_msp.o
 .debug_macro   0x0000000000017586      0x2e6 Core/Src/stm32f1xx_it.o
 .debug_macro   0x000000000001786c      0x1ac Core/Src/system_stm32f1xx.o
 .debug_macro   0x0000000000017a18      0x1d0 Drivers/STM32F1xx_HAL_Driver/Src/stm32f1xx_hal.o
 .debug_macro   0x0000000000017be8      0x1c9 Drivers/STM32F1xx_HAL_Driver/Src/stm32f1xx_hal_adc.o
 .debug_macro   0x0000000000017db1      0x1b4 Drivers/STM32F1xx_HAL_Driver/Src/stm32f1xx_hal_can.o
 .debug_macro   0x0000000000017f65      0x1ac Drivers/STM32F1xx_HAL_Driver/Src/stm32f1xx_hal_cortex.o
 .debug_macro   0x0000000000018111      0x217 Drivers/STM32F1xx_HAL_Driver/Src/stm32f1xx_hal_gpio.o
 .debug_macro   0x0000000000018328      0x1be Drivers/STM32F1xx_HAL_Driver/Src/stm32f1xx_hal_rcc.o
 .debug_macro   0x00000000000184e6      0x1ac Drivers/STM32F1xx_HAL_Driver/Src/stm32f1xx_hal_rcc_ex.o

.debug_line     0x0000000000000000     0x93a4
 .debug_line    0x0000000000000000      0x98e Core/Src/BatteryPackInf.o
 .debug_line    0x000000000000098e      0x882 Core/Src/FrameWork.o
 .debug_line    0x0000000000001210      0x85c Core/Src/Gpio.o
 .debug_line    0x0000000000001a6c      0x95d Core/Src/MuxControl.o
 .debug_line    0x00000000000023c9      0x69c Core/Src/adc.o
 .debug_line    0x0000000000002a65      0x6cf Core/Src/can.o
 .debug_line    0x0000000000003134      0x892 Core/Src/main.o
 .debug_line    0x00000000000039c6      0x8ab Core/Src/stm32f1xx_hal_msp.o
 .debug_line    0x0000000000004271      0x8ea Core/Src/stm32f1xx_it.o
 .debug_line    0x0000000000004b5b      0x6aa Core/Src/system_stm32f1xx.o
 .debug_line    0x0000000000005205       0x84 Core/Startup/startup_stm32f103rbtx.o
 .debug_line    0x0000000000005289      0x85d Drivers/STM32F1xx_HAL_Driver/Src/stm32f1xx_hal.o
 .debug_line    0x0000000000005ae6      0xbae Drivers/STM32F1xx_HAL_Driver/Src/stm32f1xx_hal_adc.o
 .debug_line    0x0000000000006694      0xb2b Drivers/STM32F1xx_HAL_Driver/Src/stm32f1xx_hal_can.o
 .debug_line    0x00000000000071bf      0x934 Drivers/STM32F1xx_HAL_Driver/Src/stm32f1xx_hal_cortex.o
 .debug_line    0x0000000000007af3      0x859 Drivers/STM32F1xx_HAL_Driver/Src/stm32f1xx_hal_gpio.o
 .debug_line    0x000000000000834c      0x91d Drivers/STM32F1xx_HAL_Driver/Src/stm32f1xx_hal_rcc.o
 .debug_line    0x0000000000008c69      0x73b Drivers/STM32F1xx_HAL_Driver/Src/stm32f1xx_hal_rcc_ex.o

.debug_str      0x0000000000000000    0x87384
 .debug_str     0x0000000000000000    0x855f7 Core/Src/BatteryPackInf.o
                                      0x85abc (size before relaxing)
 .debug_str     0x00000000000855f7       0xd2 Core/Src/FrameWork.o
                                      0x85923 (size before relaxing)
 .debug_str     0x00000000000856c9       0xc5 Core/Src/Gpio.o
                                      0x85921 (size before relaxing)
 .debug_str     0x000000000008578e       0xb6 Core/Src/MuxControl.o
                                      0x85971 (size before relaxing)
 .debug_str     0x0000000000085844       0x5d Core/Src/adc.o
                                      0x81a86 (size before relaxing)
 .debug_str     0x00000000000858a1      0x109 Core/Src/can.o
                                      0x81b3b (size before relaxing)
 .debug_str     0x00000000000859aa      0x41f Core/Src/main.o
                                      0x85cfe (size before relaxing)
 .debug_str     0x0000000000085dc9       0x99 Core/Src/stm32f1xx_hal_msp.o
                                      0x8597e (size before relaxing)
 .debug_str     0x0000000000085e62       0xbd Core/Src/stm32f1xx_it.o
                                      0x85905 (size before relaxing)
 .debug_str     0x0000000000085f1f       0x52 Core/Src/system_stm32f1xx.o
                                      0x8175e (size before relaxing)
 .debug_str     0x0000000000085f71       0x36 Core/Startup/startup_stm32f103rbtx.o
                                         0x72 (size before relaxing)
 .debug_str     0x0000000000085fa7      0x304 Drivers/STM32F1xx_HAL_Driver/Src/stm32f1xx_hal.o
                                      0x81def (size before relaxing)
 .debug_str     0x00000000000862ab      0x36b Drivers/STM32F1xx_HAL_Driver/Src/stm32f1xx_hal_adc.o
                                      0x81dee (size before relaxing)
 .debug_str     0x0000000000086616      0x46a Drivers/STM32F1xx_HAL_Driver/Src/stm32f1xx_hal_can.o
                                      0x81f7e (size before relaxing)
 .debug_str     0x0000000000086a80      0x2d8 Drivers/STM32F1xx_HAL_Driver/Src/stm32f1xx_hal_cortex.o
                                      0x81df7 (size before relaxing)
 .debug_str     0x0000000000086d58      0x324 Drivers/STM32F1xx_HAL_Driver/Src/stm32f1xx_hal_gpio.o
                                      0x81b22 (size before relaxing)
 .debug_str     0x000000000008707c      0x24f Drivers/STM32F1xx_HAL_Driver/Src/stm32f1xx_hal_rcc.o
                                      0x81b5b (size before relaxing)
 .debug_str     0x00000000000872cb       0xb9 Drivers/STM32F1xx_HAL_Driver/Src/stm32f1xx_hal_rcc_ex.o
                                      0x818e8 (size before relaxing)

.comment        0x0000000000000000       0x7b
 .comment       0x0000000000000000       0x7b Core/Src/BatteryPackInf.o
                                         0x7c (size before relaxing)
 .comment       0x000000000000007b       0x7c Core/Src/FrameWork.o
 .comment       0x000000000000007b       0x7c Core/Src/Gpio.o
 .comment       0x000000000000007b       0x7c Core/Src/MuxControl.o
 .comment       0x000000000000007b       0x7c Core/Src/adc.o
 .comment       0x000000000000007b       0x7c Core/Src/can.o
 .comment       0x000000000000007b       0x7c Core/Src/main.o
 .comment       0x000000000000007b       0x7c Core/Src/stm32f1xx_hal_msp.o
 .comment       0x000000000000007b       0x7c Core/Src/stm32f1xx_it.o
 .comment       0x000000000000007b       0x7c Core/Src/system_stm32f1xx.o
 .comment       0x000000000000007b       0x7c Drivers/STM32F1xx_HAL_Driver/Src/stm32f1xx_hal.o
 .comment       0x000000000000007b       0x7c Drivers/STM32F1xx_HAL_Driver/Src/stm32f1xx_hal_adc.o
 .comment       0x000000000000007b       0x7c Drivers/STM32F1xx_HAL_Driver/Src/stm32f1xx_hal_can.o
 .comment       0x000000000000007b       0x7c Drivers/STM32F1xx_HAL_Driver/Src/stm32f1xx_hal_cortex.o
 .comment       0x000000000000007b       0x7c Drivers/STM32F1xx_HAL_Driver/Src/stm32f1xx_hal_gpio.o
 .comment       0x000000000000007b       0x7c Drivers/STM32F1xx_HAL_Driver/Src/stm32f1xx_hal_rcc.o
 .comment       0x000000000000007b       0x7c Drivers/STM32F1xx_HAL_Driver/Src/stm32f1xx_hal_rcc_ex.o

.debug_frame    0x0000000000000000     0x1fd4
 .debug_frame   0x0000000000000000      0x134 Core/Src/BatteryPackInf.o
 .debug_frame   0x0000000000000134       0xb4 Core/Src/FrameWork.o
 .debug_frame   0x00000000000001e8       0x34 Core/Src/Gpio.o
 .debug_frame   0x000000000000021c      0x164 Core/Src/MuxControl.o
 .debug_frame   0x0000000000000380       0x58 Core/Src/adc.o
 .debug_frame   0x00000000000003d8       0x7c Core/Src/can.o
 .debug_frame   0x0000000000000454       0x70 Core/Src/main.o
 .debug_frame   0x00000000000004c4       0xc8 Core/Src/stm32f1xx_hal_msp.o
 .debug_frame   0x000000000000058c      0x10c Core/Src/stm32f1xx_it.o
 .debug_frame   0x0000000000000698       0x58 Core/Src/system_stm32f1xx.o
 .debug_frame   0x00000000000006f0      0x334 Drivers/STM32F1xx_HAL_Driver/Src/stm32f1xx_hal.o
 .debug_frame   0x0000000000000a24      0x40c Drivers/STM32F1xx_HAL_Driver/Src/stm32f1xx_hal_adc.o
 .debug_frame   0x0000000000000e30      0x5a0 Drivers/STM32F1xx_HAL_Driver/Src/stm32f1xx_hal_can.o
 .debug_frame   0x00000000000013d0      0x428 Drivers/STM32F1xx_HAL_Driver/Src/stm32f1xx_hal_cortex.o
 .debug_frame   0x00000000000017f8      0x14c Drivers/STM32F1xx_HAL_Driver/Src/stm32f1xx_hal_gpio.o
 .debug_frame   0x0000000000001944      0x21c Drivers/STM32F1xx_HAL_Driver/Src/stm32f1xx_hal_rcc.o
 .debug_frame   0x0000000000001b60       0x84 Drivers/STM32F1xx_HAL_Driver/Src/stm32f1xx_hal_rcc_ex.o
 .debug_frame   0x0000000000001be4       0x20 d:/stm32cubeide_1.3.0/stm32cubeide/plugins/com.st.stm32cube.ide.mcu.externaltools.gnu-tools-for-stm32.7-2018-q2-update.win32_1.4.0.202007081208/tools/bin/../lib/gcc/arm-none-eabi/7.3.1/../../../../arm-none-eabi/lib/thumb/v7-m\libc_nano.a(lib_a-errno.o)
 .debug_frame   0x0000000000001c04       0x2c d:/stm32cubeide_1.3.0/stm32cubeide/plugins/com.st.stm32cube.ide.mcu.externaltools.gnu-tools-for-stm32.7-2018-q2-update.win32_1.4.0.202007081208/tools/bin/../lib/gcc/arm-none-eabi/7.3.1/../../../../arm-none-eabi/lib/thumb/v7-m\libc_nano.a(lib_a-init.o)
 .debug_frame   0x0000000000001c30       0x20 d:/stm32cubeide_1.3.0/stm32cubeide/plugins/com.st.stm32cube.ide.mcu.externaltools.gnu-tools-for-stm32.7-2018-q2-update.win32_1.4.0.202007081208/tools/bin/../lib/gcc/arm-none-eabi/7.3.1/../../../../arm-none-eabi/lib/thumb/v7-m\libc_nano.a(lib_a-memset.o)
 .debug_frame   0x0000000000001c50       0x34 d:/stm32cubeide_1.3.0/stm32cubeide/plugins/com.st.stm32cube.ide.mcu.externaltools.gnu-tools-for-stm32.7-2018-q2-update.win32_1.4.0.202007081208/tools/bin/../lib/gcc/arm-none-eabi/7.3.1/../../../../arm-none-eabi/lib/thumb/v7-m\libm.a(lib_a-wf_log.o)
 .debug_frame   0x0000000000001c84       0x38 d:/stm32cubeide_1.3.0/stm32cubeide/plugins/com.st.stm32cube.ide.mcu.externaltools.gnu-tools-for-stm32.7-2018-q2-update.win32_1.4.0.202007081208/tools/bin/../lib/gcc/arm-none-eabi/7.3.1/../../../../arm-none-eabi/lib/thumb/v7-m\libm.a(lib_a-ef_log.o)
 .debug_frame   0x0000000000001cbc       0x20 d:/stm32cubeide_1.3.0/stm32cubeide/plugins/com.st.stm32cube.ide.mcu.externaltools.gnu-tools-for-stm32.7-2018-q2-update.win32_1.4.0.202007081208/tools/bin/../lib/gcc/arm-none-eabi/7.3.1/../../../../arm-none-eabi/lib/thumb/v7-m\libm.a(lib_a-s_matherr.o)
 .debug_frame   0x0000000000001cdc       0x20 d:/stm32cubeide_1.3.0/stm32cubeide/plugins/com.st.stm32cube.ide.mcu.externaltools.gnu-tools-for-stm32.7-2018-q2-update.win32_1.4.0.202007081208/tools/bin/../lib/gcc/arm-none-eabi/7.3.1/../../../../arm-none-eabi/lib/thumb/v7-m\libm.a(lib_a-s_nan.o)
 .debug_frame   0x0000000000001cfc       0xac d:/stm32cubeide_1.3.0/stm32cubeide/plugins/com.st.stm32cube.ide.mcu.externaltools.gnu-tools-for-stm32.7-2018-q2-update.win32_1.4.0.202007081208/tools/bin/../lib/gcc/arm-none-eabi/7.3.1/thumb/v7-m\libgcc.a(_arm_addsubdf3.o)
 .debug_frame   0x0000000000001da8       0x50 d:/stm32cubeide_1.3.0/stm32cubeide/plugins/com.st.stm32cube.ide.mcu.externaltools.gnu-tools-for-stm32.7-2018-q2-update.win32_1.4.0.202007081208/tools/bin/../lib/gcc/arm-none-eabi/7.3.1/thumb/v7-m\libgcc.a(_arm_muldivdf3.o)
 .debug_frame   0x0000000000001df8       0x24 d:/stm32cubeide_1.3.0/stm32cubeide/plugins/com.st.stm32cube.ide.mcu.externaltools.gnu-tools-for-stm32.7-2018-q2-update.win32_1.4.0.202007081208/tools/bin/../lib/gcc/arm-none-eabi/7.3.1/thumb/v7-m\libgcc.a(_arm_fixunsdfsi.o)
 .debug_frame   0x0000000000001e1c       0x24 d:/stm32cubeide_1.3.0/stm32cubeide/plugins/com.st.stm32cube.ide.mcu.externaltools.gnu-tools-for-stm32.7-2018-q2-update.win32_1.4.0.202007081208/tools/bin/../lib/gcc/arm-none-eabi/7.3.1/thumb/v7-m\libgcc.a(_arm_truncdfsf2.o)
 .debug_frame   0x0000000000001e40       0x4c d:/stm32cubeide_1.3.0/stm32cubeide/plugins/com.st.stm32cube.ide.mcu.externaltools.gnu-tools-for-stm32.7-2018-q2-update.win32_1.4.0.202007081208/tools/bin/../lib/gcc/arm-none-eabi/7.3.1/thumb/v7-m\libgcc.a(_arm_addsubsf3.o)
 .debug_frame   0x0000000000001e8c       0x38 d:/stm32cubeide_1.3.0/stm32cubeide/plugins/com.st.stm32cube.ide.mcu.externaltools.gnu-tools-for-stm32.7-2018-q2-update.win32_1.4.0.202007081208/tools/bin/../lib/gcc/arm-none-eabi/7.3.1/thumb/v7-m\libgcc.a(_arm_muldivsf3.o)
 .debug_frame   0x0000000000001ec4       0xc8 d:/stm32cubeide_1.3.0/stm32cubeide/plugins/com.st.stm32cube.ide.mcu.externaltools.gnu-tools-for-stm32.7-2018-q2-update.win32_1.4.0.202007081208/tools/bin/../lib/gcc/arm-none-eabi/7.3.1/thumb/v7-m\libgcc.a(_arm_cmpsf2.o)
 .debug_frame   0x0000000000001f8c       0x24 d:/stm32cubeide_1.3.0/stm32cubeide/plugins/com.st.stm32cube.ide.mcu.externaltools.gnu-tools-for-stm32.7-2018-q2-update.win32_1.4.0.202007081208/tools/bin/../lib/gcc/arm-none-eabi/7.3.1/thumb/v7-m\libgcc.a(_arm_unordsf2.o)
 .debug_frame   0x0000000000001fb0       0x24 d:/stm32cubeide_1.3.0/stm32cubeide/plugins/com.st.stm32cube.ide.mcu.externaltools.gnu-tools-for-stm32.7-2018-q2-update.win32_1.4.0.202007081208/tools/bin/../lib/gcc/arm-none-eabi/7.3.1/thumb/v7-m\libgcc.a(_arm_fixunssfsi.o)
